// Jest Snapshot v1, https://goo.gl/fbAQLP

exports[`Basic QueryRenderer props passes the appropriate props through to the QueryRenderer 1`] = `
<RelayRenderer
  container={[Function]}
  error={[Function]}
  loading={[Function]}
  query="query"
  render={[Function]}
  variables={
    Object {
      "some": "variables",
    }
  }
>
  <QueryRenderer
    environment="relay-environment"
    query="query"
    render={[Function]}
    variables={
      Object {
        "some": "variables",
      }
    }
  />
</RelayRenderer>
`;
