// Jest Snapshot v1, https://goo.gl/fbAQLP

exports[`Basic QueryRenderer props passes the appropriate props through to the QueryRenderer 1`] = `
<div
  environment="relay-environment"
  id="mock-query-renderer"
  query="query"
  render={[Function]}
  variables={
    Object {
      "some": "variables",
    }
  }
/>
`;
