// Jest Snapshot v1, https://goo.gl/fbAQLP

exports[`wrappedComponentRef does not pass the wrapped component ref to the wrapped component 1`] = `
<RelayEnvironmentProvider
  create={[Function]}
>
  <withRelayEnvironment(Dummy)
    wrappedComponentRef={[Function]}
  >
    <Dummy
      relayEnvironment={
        Object {
          "commitMutation": [Function],
          "current": 1,
          "refresh": [Function],
        }
      }
    />
  </withRelayEnvironment(Dummy)>
</RelayEnvironmentProvider>
`;
