// Jest Snapshot v1, https://goo.gl/fbAQLP

exports[`wrappedComponentRef does not pass the wrapped component ref to the wrapped component 1`] = `
<RelayEnvironmentProvider
  create={[Function]}
>
  <withRelayEnvironment(Dummy)
    foo="bar"
    wrappedComponentRef={[Function]}
  >
    <RelayEnvironment>
      <Dummy
        foo="bar"
        relayEnvironment={
          Object {
            "commitMutation": [Function],
            "current": 1,
            "refresh": [Function],
          }
        }
      />
    </RelayEnvironment>
  </withRelayEnvironment(Dummy)>
</RelayEnvironmentProvider>
`;
